Microchip MPLAB XC8 Compiler V2.40

Linker command line:

-W-3 \
  --edf=C:\Program Files\Microchip\xc8\v2.40\pic\dat\20220703182018_en.msgs \
  -cn -h+dist/default/production\maestro_i2c.X.production.sym \
  --cmf=dist/default/production\maestro_i2c.X.production.cmf -z -Q16F887 \
  -oC:\Users\gaban\AppData\Local\Temp\xcAs8d4.4 --defsym=__MPLAB_BUILD=1 \
  --fixupoverflow=error \
  -Mdist/default/production/maestro_i2c.X.production.map \
  --md=C:\Users\gaban\AppData\Local\Temp\xcAs8d4.dat -E1 -ver=XC8 Compiler \
  --acfsm=1493 -ACODE=00h-07FFhx4 -ASTRCODE=00h-01FFFh -ASTRING=00h-0FFhx32 \
  -ACONST=00h-0FFhx32 -AENTRY=00h-0FFhx32 -ACOMMON=070h-07Fh \
  -ABANK0=020h-06Fh -ABANK1=0A0h-0EFh -ABANK2=0110h-016Fh \
  -ABANK3=0190h-01EFh -ARAM=020h-06Fh,0A0h-0EFh,0110h-016Fh,0190h-01EFh \
  -AABS1=020h-07Fh,0A0h-0EFh,0110h-016Fh,0190h-01EFh -ASFR0=00h-01Fh \
  -ASFR1=080h-09Fh -ASFR2=0100h-010Fh -ASFR3=0180h-018Fh \
  -ACONFIG=02007h-02008h -DCONFIG=2 -AIDLOC=02000h-02003h -DIDLOC=2 \
  -AEEDATA=00h-0FFh/02100h -peeprom_data=EEDATA -DEEDATA=2 -DCODE=2 \
  -DSTRCODE=2 -DSTRING=2 -DCONST=2 -DENTRY=2 \
  -preset_vec=00h,intentry,init,end_init -ppowerup=CODE -pcinit=CODE \
  -pfunctab=ENTRY -k C:\Users\gaban\AppData\Local\Temp\xcAs8d4.o \
  dist/default/production\maestro_i2c.X.production.o 

Object code version is 3.11

Machine type is 16F887



                Name                               Link     Load   Length Selector   Space Scale
C:\Users\gaban\AppData\Local\Temp\xcAs8d4.o
                end_init                              0        0        3        0       0
                config                             2007     2007        2        0       4
                idloc                              2000     2000        4        0       5
dist/default/production\maestro_i2c.X.production.o
                cinit                               7E6      7E6       1A      FCC       0
                config                             2007     2007        2        0       4
                idloc                              2000     2000        4        0       5
                text28                              D4B      D4B       18     1A96       0
                text27                              CC9      CC9        B     1992       0
                text26                              CD4      CD4        B     19A8       0
                text25                              CAB      CAB        A     1956       0
                text24                              CB5      CB5        A     196A       0
                text23                              CBF      CBF        A     197E       0
                text22                              CEC      CEC        E     19D8       0
                text21                              E05      E05       2F     1C0A       0
                text20                              F6C      F6C       48     1ED8       0
                text19                              E69      E69       37     1CD2       0
                text18                              D34      D34       17     1A68       0
                text17                              199      199       6D      332       0
                text16                              D9C      D9C       22     1B38       0
                text15                              D63      D63       1A     1AC6       0
                text14                              F26      F26       46     1E4C       0
                text13                              E34      E34       35     1C68       0
                text12                              EA0      EA0       42     1D40       0
                text11                              D1F      D1F       15     1A3E       0
                text10                              EE2      EE2       44     1DC4       0
                text9                                B4       B4       3A      168       0
                text8                               DE0      DE0       25     1BC0       0
                text7                               CFA      CFA       12     19F4       0
                text6                               206      206      20A      40C       0
                text5                               410      410      3D6      820       0
                text4                               CDF      CDF        D     19BE       0
                text3                               D7D      D7D       1F     1AFA       0
                text2                               13B      13B       5E      276       0
                text1                               DBE      DBE       22     1B7C       0
                maintext                            FB4      FB4       4C     1F68       0
                cstackBANK0                          3D       3D       1C       20       1
                cstackCOMMON                         70       70        E       70       1
                clrtext                             CA3      CA3        8     1946       0
                inittext                            D0C      D0C       13     1A18       0
                dataBANK1                            A0       A0       4D       A0       1
                bssBANK0                             20       20       1D       20       1
                strings                               3        3       AC        6       0
                idataBANK1                           EE       EE       4D      1DC       0

TOTAL           Name                               Link     Load   Length     Space
        CLASS   CODE           
                end_init                              0        0        3         0
                cinit                               7E6      7E6       1A         0
                text28                              D4B      D4B       18         0
                text27                              CC9      CC9        B         0
                text26                              CD4      CD4        B         0
                text25                              CAB      CAB        A         0
                text24                              CB5      CB5        A         0
                text23                              CBF      CBF        A         0
                text22                              CEC      CEC        E         0
                text21                              E05      E05       2F         0
                text20                              F6C      F6C       48         0
                text19                              E69      E69       37         0
                text18                              D34      D34       17         0
                text17                              199      199       6D         0
                text16                              D9C      D9C       22         0
                text15                              D63      D63       1A         0
                text14                              F26      F26       46         0
                text13                              E34      E34       35         0
                text12                              EA0      EA0       42         0
                text11                              D1F      D1F       15         0
                text10                              EE2      EE2       44         0
                text9                                B4       B4       3A         0
                text8                               DE0      DE0       25         0
                text7                               CFA      CFA       12         0
                text6                               206      206      20A         0
                text5                               410      410      3D6         0
                text4                               CDF      CDF        D         0
                text3                               D7D      D7D       1F         0
                text2                               13B      13B       5E         0
                text1                               DBE      DBE       22         0
                maintext                            FB4      FB4       4C         0
                clrtext                             CA3      CA3        8         0
                inittext                            D0C      D0C       13         0
                idataBANK1                           EE       EE       4D         0

        CLASS   STRCODE        

        CLASS   STRING         
                strings                               3        3       AC         0

        CLASS   CONST          

        CLASS   ENTRY          

        CLASS   COMMON         
                cstackCOMMON                         70       70        E         1

        CLASS   BANK0          
                cstackBANK0                          3D       3D       1C         1
                bssBANK0                             20       20       1D         1

        CLASS   BANK1          
                dataBANK1                            A0       A0       4D         1

        CLASS   BANK2          

        CLASS   BANK3          

        CLASS   RAM            

        CLASS   ABS1           
                abs_s1                               7E       7E        2         1

        CLASS   SFR0           

        CLASS   SFR1           

        CLASS   SFR2           

        CLASS   SFR3           

        CLASS   CONFIG         
                config                             2007     2007        2         4

        CLASS   IDLOC          
                idloc                              2000     2000        4         5

        CLASS   EEDATA         

        CLASS   STACK          



SEGMENTS        Name                           Load    Length   Top    Selector   Space  Class     Delta

                reset_vec                      000000  000003  000003         0       0  CODE        2
                strings                        000003  0000AC  0000AF         6       0  STRING      2
                bssBANK0                       000020  000039  000059        20       1  BANK0       1
                cstackCOMMON                   000070  00000E  00007E        70       1  COMMON      1
                dataBANK1                      0000A0  00004D  0000ED        A0       1  BANK1       1
                text9                          0000B4  00003A  0000EE       168       0  CODE        2
                idataBANK1                     0000EE  00004D  00013B       1DC       0  CODE        2
                text2                          00013B  00005E  000199       276       0  CODE        2
                text17                         000199  00006D  000206       332       0  CODE        2
                text6                          000206  00020A  000410       40C       0  CODE        2
                text5                          000410  0003D6  0007E6       820       0  CODE        2
                cinit                          0007E6  00001A  000800       FCC       0  CODE        2
                clrtext                        000CA3  000008  000CAB      1946       0  CODE        2
                text25                         000CAB  00000A  000CB5      1956       0  CODE        2
                text24                         000CB5  00000A  000CBF      196A       0  CODE        2
                text23                         000CBF  00000A  000CC9      197E       0  CODE        2
                text27                         000CC9  00000B  000CD4      1992       0  CODE        2
                text26                         000CD4  00000B  000CDF      19A8       0  CODE        2
                text4                          000CDF  00000D  000CEC      19BE       0  CODE        2
                text22                         000CEC  00000E  000CFA      19D8       0  CODE        2
                text7                          000CFA  000012  000D0C      19F4       0  CODE        2
                inittext                       000D0C  000013  000D1F      1A18       0  CODE        2
                text11                         000D1F  000015  000D34      1A3E       0  CODE        2
                text18                         000D34  000017  000D4B      1A68       0  CODE        2
                text28                         000D4B  000018  000D63      1A96       0  CODE        2
                text15                         000D63  00001A  000D7D      1AC6       0  CODE        2
                text3                          000D7D  00001F  000D9C      1AFA       0  CODE        2
                text16                         000D9C  000022  000DBE      1B38       0  CODE        2
                text1                          000DBE  000022  000DE0      1B7C       0  CODE        2
                text8                          000DE0  000025  000E05      1BC0       0  CODE        2
                text21                         000E05  00002F  000E34      1C0A       0  CODE        2
                text13                         000E34  000035  000E69      1C68       0  CODE        2
                text19                         000E69  000037  000EA0      1CD2       0  CODE        2
                text12                         000EA0  000042  000EE2      1D40       0  CODE        2
                text10                         000EE2  000044  000F26      1DC4       0  CODE        2
                text14                         000F26  000046  000F6C      1E4C       0  CODE        2
                text20                         000F6C  000048  000FB4      1ED8       0  CODE        2
                maintext                       000FB4  00004C  001000      1F68       0  CODE        2


UNUSED ADDRESS RANGES

        Name                Unused          Largest block    Delta
        BANK0            0059-006F             17           1
        BANK1            00ED-00EF              3           1
        BANK2            0110-016F             60           1
        BANK3            0190-01EF             60           1
        CODE             00AF-00B3              5           2
                         0800-0CA2            4A3
                         1000-1FFF            800
        CONST            00AF-00B3              5           2
                         0800-0CA2            100
                         1000-1FFF            100
        EEDATA           2100-21FF            100           2
        ENTRY            00AF-00B3              5           2
                         0800-0CA2            100
                         1000-1FFF            100
        RAM              0059-006F             17           1
                         00ED-00EF              3
                         0110-016F             60
                         0190-01EF             60
        SFR0             0000-001F             20           1
        SFR1             0080-009F             20           1
        SFR2             0100-010F             10           1
        SFR3             0180-018F             10           1
        STRCODE          00AF-00B3              5           2
                         0800-0CA2            4A3
                         1000-1FFF           1000
        STRING           00AF-00B3              5           2
                         0800-0CA2            100
                         1000-1FFF            100

                                  Symbol Table

?___lwdiv                     cstackCOMMON 0070
?___lwmod                     cstackCOMMON 0078
?___wmul                      cstackCOMMON 0070
?_sprintf                     cstackBANK0  003D
DS3231_Bcd_Bin@bcd_value      cstackCOMMON 0072
DS3231_Bcd_Bin@temp           cstackCOMMON 0073
DS3231_Bin_Bcd@binary_value   cstackCOMMON 0071
DS3231_Bin_Bcd@retval         cstackCOMMON 0072
DS3231_Bin_Bcd@temp           cstackCOMMON 0073
DS3231_Get_Date@day           cstackCOMMON 0074
DS3231_Get_Date@dow           cstackCOMMON 007A
DS3231_Get_Date@mth           cstackCOMMON 0076
DS3231_Get_Date@year          cstackCOMMON 0078
DS3231_Get_Time@hr            cstackCOMMON 0074
DS3231_Get_Time@min           cstackCOMMON 0076
DS3231_Get_Time@sec           cstackCOMMON 0078
DS3231_Read@data              cstackCOMMON 0072
DS3231_Read@reg               cstackCOMMON 0071
DS3231_Set_Date_Time@dw       cstackCOMMON 0076
DS3231_Set_Date_Time@dy       cstackCOMMON 007B
DS3231_Set_Date_Time@hr       cstackCOMMON 0077
DS3231_Set_Date_Time@mn       cstackCOMMON 0078
DS3231_Set_Date_Time@mth      cstackCOMMON 0074
DS3231_Set_Date_Time@sc       cstackCOMMON 0079
DS3231_Set_Date_Time@yr       cstackCOMMON 0075
I2C_Init_Master@sp_i2c        cstackCOMMON 0070
I2C_Write@data                cstackCOMMON 0070
Lcd_Cmd@a                     cstackCOMMON 0073
Lcd_Port@a                    cstackCOMMON 0070
Lcd_Set_Cursor@a              cstackCOMMON 0076
Lcd_Set_Cursor@b              cstackCOMMON 0074
Lcd_Set_Cursor@temp           cstackCOMMON 0079
Lcd_Set_Cursor@y              cstackCOMMON 0078
Lcd_Set_Cursor@z              cstackCOMMON 0077
Lcd_Write_Char@a              cstackCOMMON 0074
Lcd_Write_Char@temp           cstackCOMMON 0072
Lcd_Write_Char@y              cstackCOMMON 0073
Lcd_Write_String@a            cstackCOMMON 0075
Lcd_Write_String@i            cstackCOMMON 007A
_ANSEL                        (abs)        0188
_ANSELH                       (abs)        0189
_CLK_CONFIG                   text5        0410
_DS3231_Bcd_Bin               text28       0D4B
_DS3231_Bin_Bcd               text18       0D34
_DS3231_Get_Date              text20       0F6C
_DS3231_Get_Time              text19       0E69
_DS3231_Read                  text21       0E05
_DS3231_Set_Date_Time         text17       0199
_I2C_Init_Master              text3        0D7D
_I2C_Nack                     text27       0CC9
_I2C_Read                     text26       0CD4
_I2C_Restart                  text25       0CAB
_I2C_Start                    text24       0CB5
_I2C_Stop                     text23       0CBF
_I2C_Write                    text22       0CEC
_Lcd_Clear                    text4        0CDF
_Lcd_Cmd                      text15       0D63
_Lcd_Init                     text2        013B
_Lcd_Port                     text16       0D9C
_Lcd_Set_Cursor               text14       0F26
_Lcd_Write_Char               text13       0E34
_Lcd_Write_String             text12       0EA0
_OSCCONbits                   (abs)        008F
_PIR1bits                     (abs)        000C
_PORTA                        (abs)        0005
_PORTAbits                    (abs)        0005
_PORTB                        (abs)        0006
_PORTBbits                    (abs)        0006
_PORTD                        (abs)        0008
_PORTDbits                    (abs)        0008
_SSPADD                       (abs)        0093
_SSPBUF                       (abs)        0013
_SSPCON                       (abs)        0014
_SSPCON2                      (abs)        0091
_SSPCON2bits                  (abs)        0091
_SSPSTAT                      (abs)        0094
_TRISAbits                    (abs)        0085
_TRISB                        (abs)        0086
_TRISCbits                    (abs)        0087
_TRISD                        (abs)        0088
__Habs1                       abs1         0000
__Hbank0                      bank0        0000
__Hbank1                      bank1        0000
__Hbank2                      bank2        0000
__Hbank3                      bank3        0000
__HbssBANK0                   bssBANK0     0000
__Hcinit                      cinit        0800
__Hclrtext                    clrtext      0000
__Hcode                       code         0000
__Hcommon                     common       0000
__Hconfig                     config       2009
__HcstackBANK0                cstackBANK0  0000
__HcstackCOMMON               cstackCOMMON 0000
__HdataBANK1                  dataBANK1    0000
__Heeprom_data                eeprom_data  0000
__Hend_init                   end_init     0003
__Hfunctab                    functab      0000
__HidataBANK1                 idataBANK1   0000
__Hidloc                      idloc        2004
__Hinit                       init         0000
__Hinittext                   inittext     0000
__Hintentry                   intentry     0000
__Hmaintext                   maintext     0000
__Hpowerup                    powerup      0000
__Hram                        ram          0000
__Hreset_vec                  reset_vec    0000
__Hsfr0                       sfr0         0000
__Hsfr1                       sfr1         0000
__Hsfr2                       sfr2         0000
__Hsfr3                       sfr3         0000
__Hspace_0                    (abs)        1000
__Hspace_1                    (abs)        00ED
__Hspace_2                    (abs)        0000
__Hspace_3                    (abs)        0000
__Hspace_4                    (abs)        4010
__Hstack                      stack        0000
__Hstrings                    strings      0000
__Htext                       text         0000
__Labs1                       abs1         0000
__Lbank0                      bank0        0000
__Lbank1                      bank1        0000
__Lbank2                      bank2        0000
__Lbank3                      bank3        0000
__LbssBANK0                   bssBANK0     0000
__Lcinit                      cinit        07E6
__Lclrtext                    clrtext      0000
__Lcode                       code         0000
__Lcommon                     common       0000
__Lconfig                     config       0000
__LcstackBANK0                cstackBANK0  0000
__LcstackCOMMON               cstackCOMMON 0000
__LdataBANK1                  dataBANK1    0000
__Leeprom_data                eeprom_data  0000
__Lend_init                   end_init     0000
__Lfunctab                    functab      0000
__LidataBANK1                 idataBANK1   0000
__Lidloc                      idloc        0000
__Linit                       init         0000
__Linittext                   inittext     0000
__Lintentry                   intentry     0000
__Lmaintext                   maintext     0000
__Lpowerup                    powerup      0000
__Lram                        ram          0000
__Lreset_vec                  reset_vec    0000
__Lsfr0                       sfr0         0000
__Lsfr1                       sfr1         0000
__Lsfr2                       sfr2         0000
__Lsfr3                       sfr3         0000
__Lspace_0                    (abs)        0000
__Lspace_1                    (abs)        0000
__Lspace_2                    (abs)        0000
__Lspace_3                    (abs)        0000
__Lspace_4                    (abs)        0000
__Lstack                      stack        0000
__Lstrings                    strings      0000
__Ltext                       text         0000
__S0                          (abs)        1000
__S1                          (abs)        00ED
__S3                          (abs)        0000
___bmul                       text11       0D1F
___bmul@multiplicand          cstackCOMMON 0070
___bmul@multiplier            cstackCOMMON 0073
___bmul@product               cstackCOMMON 0072
___int_sp                     stack        0000
___latbits                    (abs)        0002
___lwdiv                      text10       0EE2
___lwdiv@counter              cstackCOMMON 0077
___lwdiv@dividend             cstackCOMMON 0072
___lwdiv@divisor              cstackCOMMON 0070
___lwdiv@quotient             cstackCOMMON 0075
___lwmod                      text9        00B4
___lwmod@counter              cstackCOMMON 007D
___lwmod@dividend             cstackCOMMON 007A
___lwmod@divisor              cstackCOMMON 0078
___sp                         stack        0000
___stackhi                    (abs)        0000
___stacklo                    (abs)        0000
___wmul                       text8        0DE0
___wmul@multiplicand          cstackCOMMON 0072
___wmul@multiplier            cstackCOMMON 0070
___wmul@product               cstackCOMMON 0074
__end_of_CLK_CONFIG           text5        07E6
__end_of_DS3231_Bcd_Bin       text28       0D63
__end_of_DS3231_Bin_Bcd       text18       0D4B
__end_of_DS3231_Get_Date      text20       0FB4
__end_of_DS3231_Get_Time      text19       0EA0
__end_of_DS3231_Read          text21       0E34
__end_of_DS3231_Set_Date_Time text17       0206
__end_of_I2C_Init_Master      text3        0D9C
__end_of_I2C_Nack             text27       0CD4
__end_of_I2C_Read             text26       0CDF
__end_of_I2C_Restart          text25       0CB5
__end_of_I2C_Start            text24       0CBF
__end_of_I2C_Stop             text23       0CC9
__end_of_I2C_Write            text22       0CFA
__end_of_Lcd_Clear            text4        0CEC
__end_of_Lcd_Cmd              text15       0D7D
__end_of_Lcd_Init             text2        0199
__end_of_Lcd_Port             text16       0DBE
__end_of_Lcd_Set_Cursor       text14       0F6C
__end_of_Lcd_Write_Char       text13       0E69
__end_of_Lcd_Write_String     text12       0EE2
__end_of___bmul               text11       0D34
__end_of___lwdiv              text10       0F26
__end_of___lwmod              text9        00EE
__end_of___wmul               text8        0E05
__end_of__initialization      cinit        07FC
__end_of__stringtab           strings      0013
__end_of_dpowers              strings      001D
__end_of_isdigit              text7        0D0C
__end_of_main                 maintext     1000
__end_of_setup                text1        0DE0
__end_of_sprintf              text6        0410
__initialization              cinit        07E6
__pbssBANK0                   bssBANK0     0020
__pcstackBANK0                cstackBANK0  003D
__pcstackCOMMON               cstackCOMMON 0070
__pdataBANK1                  dataBANK1    00A0
__pidataBANK1                 idataBANK1   00EE
__pmaintext                   maintext     0FB4
__pstrings                    strings      0003
__ptext1                      text1        0DBE
__ptext10                     text10       0EE2
__ptext11                     text11       0D1F
__ptext12                     text12       0EA0
__ptext13                     text13       0E34
__ptext14                     text14       0F26
__ptext15                     text15       0D63
__ptext16                     text16       0D9C
__ptext17                     text17       0199
__ptext18                     text18       0D34
__ptext19                     text19       0E69
__ptext2                      text2        013B
__ptext20                     text20       0F6C
__ptext21                     text21       0E05
__ptext22                     text22       0CEC
__ptext23                     text23       0CBF
__ptext24                     text24       0CB5
__ptext25                     text25       0CAB
__ptext26                     text26       0CD4
__ptext27                     text27       0CC9
__ptext28                     text28       0D4B
__ptext3                      text3        0D7D
__ptext4                      text4        0CDF
__ptext5                      text5        0410
__ptext6                      text6        0206
__ptext7                      text7        0CFA
__ptext8                      text8        0DE0
__ptext9                      text9        00B4
__stringbase                  strings      0012
__stringtab                   strings      0003
_ano                          bssBANK0     0024
_buffer                       bssBANK0     0029
_dia                          bssBANK0     0026
_dow                          bssBANK0     0023
_dpowers                      strings      0013
_dw                           dataBANK1    00A0
_horas                        bssBANK0     0022
_isdigit                      text7        0CFA
_isdigit$962                  cstackCOMMON 0070
_main                         maintext     0FB4
_mes                          bssBANK0     0025
_minutos                      bssBANK0     0021
_segundos                     bssBANK0     0020
_selector                     bssBANK0     0027
_setup                        text1        0DBE
_sprintf                      text6        0206
_valor_ADC                    bssBANK0     0028
btemp                         (abs)        007E
clear_ram0                    clrtext      0CA3
end_of_initialization         cinit        07FC
init_fetch0                   inittext     0D0C
init_ram0                     inittext     0D10
intlevel0                     functab      0000
intlevel1                     functab      0000
intlevel2                     functab      0000
intlevel3                     functab      0000
intlevel4                     functab      0000
intlevel5                     functab      0000
isdigit@c                     cstackCOMMON 0071
reset_vec                     reset_vec    0000
sprintf@ap                    cstackBANK0  004B
sprintf@c                     cstackBANK0  0052
sprintf@cp                    cstackBANK0  004C
sprintf@f                     cstackBANK0  003D
sprintf@flag                  cstackBANK0  0047
sprintf@len                   cstackBANK0  004E
sprintf@prec                  cstackBANK0  004A
sprintf@sp                    cstackBANK0  0053
sprintf@val                   cstackBANK0  0048
sprintf@width                 cstackBANK0  0050
start                         init         0000
start_initialization          cinit        07E6
wtemp0                        (abs)        007E


MODULE INFORMATION

Module		Function		Class		Link	Load	Size
C:\Program Files\Microchip\xc8\v2.40\pic\sources\c90\common\Umul8.c
		___bmul        		CODE           	0D1F	0000	21

C:\Program Files\Microchip\xc8\v2.40\pic\sources\c90\common\Umul8.c estimated size: 21

maestro.c
		_CLK_CONFIG    		CODE           	0410	0000	982
		_main          		CODE           	0FB4	0000	76
		_setup         		CODE           	0DBE	0000	34

maestro.c estimated size: 1092

i2c.c
		_I2C_Init_Master		CODE           	0D7D	0000	31
		_I2C_Write     		CODE           	0CEC	0000	14
		_I2C_Stop      		CODE           	0CBF	0000	10
		_I2C_Read      		CODE           	0CD4	0000	11
		_I2C_Nack      		CODE           	0CC9	0000	11
		_I2C_Start     		CODE           	0CB5	0000	10
		_I2C_Restart   		CODE           	0CAB	0000	10

i2c.c estimated size: 97

C:\Program Files\Microchip\xc8\v2.40\pic\sources\c90\common\doprnt.c
		_sprintf       		CODE           	0206	0000	522

C:\Program Files\Microchip\xc8\v2.40\pic\sources\c90\common\doprnt.c estimated size: 522

ds3231.c
		_DS3231_Read   		CODE           	0E05	0000	47
		_DS3231_Bin_Bcd		CODE           	0D34	0000	23
		_DS3231_Bcd_Bin		CODE           	0D4B	0000	24
		_DS3231_Get_Date		CODE           	0F6C	0000	72
		_DS3231_Get_Time		CODE           	0E69	0000	55
		_DS3231_Set_Date_Time		CODE           	0199	0000	109

ds3231.c estimated size: 330

C:\Program Files\Microchip\xc8\v2.40\pic\sources\c90\common\Umul16.c
		___wmul        		CODE           	0DE0	0000	37

C:\Program Files\Microchip\xc8\v2.40\pic\sources\c90\common\Umul16.c estimated size: 37

C:\Program Files\Microchip\xc8\v2.40\pic\sources\c90\common\lwmod.c
		___lwmod       		CODE           	00B4	0000	58

C:\Program Files\Microchip\xc8\v2.40\pic\sources\c90\common\lwmod.c estimated size: 58

shared
		__stringtab    		STRING         	0003	0000	16
		_dpowers       		STRING         	0013	0000	10
		__initialization		CODE           	07E6	0000	22

shared estimated size: 48

C:\Program Files\Microchip\xc8\v2.40\pic\sources\c90\common\isdigit.c
		_isdigit       		CODE           	0CFA	0000	18

C:\Program Files\Microchip\xc8\v2.40\pic\sources\c90\common\isdigit.c estimated size: 18

C:\Program Files\Microchip\xc8\v2.40\pic\sources\c90\common\lwdiv.c
		___lwdiv       		CODE           	0EE2	0000	68

C:\Program Files\Microchip\xc8\v2.40\pic\sources\c90\common\lwdiv.c estimated size: 68

LCD.c
		_Lcd_Write_String		CODE           	0EA0	0000	66
		_Lcd_Init      		CODE           	013B	0000	94
		_Lcd_Write_Char		CODE           	0E34	0000	53
		_Lcd_Cmd       		CODE           	0D63	0000	26
		_Lcd_Set_Cursor		CODE           	0F26	0000	70
		_Lcd_Clear     		CODE           	0CDF	0000	13
		_Lcd_Port      		CODE           	0D9C	0000	34

LCD.c estimated size: 356

