Microchip MPLAB XC8 Compiler V2.40

Linker command line:

-W-3 \
  --edf=C:\Program Files\Microchip\xc8\v2.40\pic\dat\20220703182018_en.msgs \
  -cn -h+dist/default/production\maestro_i2c.X.production.sym \
  --cmf=dist/default/production\maestro_i2c.X.production.cmf -z -Q16F887 \
  -oC:\Users\gaban\AppData\Local\Temp\xcAso34.4 --defsym=__MPLAB_BUILD=1 \
  --fixupoverflow=error \
  -Mdist/default/production/maestro_i2c.X.production.map \
  --md=C:\Users\gaban\AppData\Local\Temp\xcAso34.dat -E1 -ver=XC8 Compiler \
  --acfsm=1493 -ACODE=00h-07FFhx4 -ASTRCODE=00h-01FFFh -ASTRING=00h-0FFhx32 \
  -ACONST=00h-0FFhx32 -AENTRY=00h-0FFhx32 -ACOMMON=070h-07Fh \
  -ABANK0=020h-06Fh -ABANK1=0A0h-0EFh -ABANK2=0110h-016Fh \
  -ABANK3=0190h-01EFh -ARAM=020h-06Fh,0A0h-0EFh,0110h-016Fh,0190h-01EFh \
  -AABS1=020h-07Fh,0A0h-0EFh,0110h-016Fh,0190h-01EFh -ASFR0=00h-01Fh \
  -ASFR1=080h-09Fh -ASFR2=0100h-010Fh -ASFR3=0180h-018Fh \
  -ACONFIG=02007h-02008h -DCONFIG=2 -AIDLOC=02000h-02003h -DIDLOC=2 \
  -AEEDATA=00h-0FFh/02100h -peeprom_data=EEDATA -DEEDATA=2 -DCODE=2 \
  -DSTRCODE=2 -DSTRING=2 -DCONST=2 -DENTRY=2 \
  -preset_vec=00h,intentry,init,end_init -ppowerup=CODE -pcinit=CODE \
  -pfunctab=ENTRY -k C:\Users\gaban\AppData\Local\Temp\xcAso34.o \
  dist/default/production\maestro_i2c.X.production.o 

Object code version is 3.11

Machine type is 16F887



                Name                               Link     Load   Length Selector   Space Scale
C:\Users\gaban\AppData\Local\Temp\xcAso34.o
                end_init                              0        0        3        0       0
                config                             2007     2007        2        0       4
                idloc                              2000     2000        4        0       5
dist/default/production\maestro_i2c.X.production.o
                cinit                               7E6      7E6       1A      FCC       0
                config                             2007     2007        2        0       4
                idloc                              2000     2000        4        0       5
                text26                              D7F      D7F       18     1AFE       0
                text25                              D14      D14        B     1A28       0
                text24                              D1F      D1F        B     1A3E       0
                text23                              CF6      CF6        A     19EC       0
                text22                              D00      D00        A     1A00       0
                text21                              D0A      D0A        A     1A14       0
                text20                              D37      D37        E     1A6E       0
                text19                              E17      E17       2F     1C2E       0
                text18                              FB8      FB8       48     1F70       0
                text17                              E7B      E7B       37     1CF6       0
                text16                              DD0      DD0       22     1BA0       0
                text15                              D97      D97       1A     1B2E       0
                text14                              F72      F72       46     1EE4       0
                text13                              E46      E46       35     1C8C       0
                text12                              EEC      EEC       42     1DD8       0
                text11                              D6A      D6A       15     1AD4       0
                text10                              F2E      F2E       44     1E5C       0
                text9                               EB2      EB2       3A     1D64       0
                text8                               DF2      DF2       25     1BE4       0
                text7                               D45      D45       12     1A8A       0
                text6                               1C8      1C8      25B      390       0
                text5                               423      423      3C3      846       0
                text4                               D2A      D2A        D     1A54       0
                text3                               16A      16A       5E      2D4       0
                text2                               DB1      DB1       1F     1B62       0
                text1                                B1       B1       1B      162       0
                maintext                            119      119       51      232       0
                cstackBANK0                          3D       3D       1C       20       1
                cstackCOMMON                         70       70        E       70       1
                clrtext                             CEE      CEE        8     19DC       0
                inittext                            D57      D57       13     1AAE       0
                dataBANK1                            A0       A0       4D       A0       1
                bssBANK0                             20       20       1D       20       1
                strings                               3        3       AB        6       0
                idataBANK1                           CC       CC       4D      198       0

TOTAL           Name                               Link     Load   Length     Space
        CLASS   CODE           
                end_init                              0        0        3         0
                cinit                               7E6      7E6       1A         0
                text26                              D7F      D7F       18         0
                text25                              D14      D14        B         0
                text24                              D1F      D1F        B         0
                text23                              CF6      CF6        A         0
                text22                              D00      D00        A         0
                text21                              D0A      D0A        A         0
                text20                              D37      D37        E         0
                text19                              E17      E17       2F         0
                text18                              FB8      FB8       48         0
                text17                              E7B      E7B       37         0
                text16                              DD0      DD0       22         0
                text15                              D97      D97       1A         0
                text14                              F72      F72       46         0
                text13                              E46      E46       35         0
                text12                              EEC      EEC       42         0
                text11                              D6A      D6A       15         0
                text10                              F2E      F2E       44         0
                text9                               EB2      EB2       3A         0
                text8                               DF2      DF2       25         0
                text7                               D45      D45       12         0
                text6                               1C8      1C8      25B         0
                text5                               423      423      3C3         0
                text4                               D2A      D2A        D         0
                text3                               16A      16A       5E         0
                text2                               DB1      DB1       1F         0
                text1                                B1       B1       1B         0
                maintext                            119      119       51         0
                clrtext                             CEE      CEE        8         0
                inittext                            D57      D57       13         0
                idataBANK1                           CC       CC       4D         0

        CLASS   STRCODE        

        CLASS   STRING         
                strings                               3        3       AB         0

        CLASS   CONST          

        CLASS   ENTRY          

        CLASS   COMMON         
                cstackCOMMON                         70       70        E         1

        CLASS   BANK0          
                cstackBANK0                          3D       3D       1C         1
                bssBANK0                             20       20       1D         1

        CLASS   BANK1          
                dataBANK1                            A0       A0       4D         1

        CLASS   BANK2          

        CLASS   BANK3          

        CLASS   RAM            

        CLASS   ABS1           
                abs_s1                               7E       7E        2         1

        CLASS   SFR0           

        CLASS   SFR1           

        CLASS   SFR2           

        CLASS   SFR3           

        CLASS   CONFIG         
                config                             2007     2007        2         4

        CLASS   IDLOC          
                idloc                              2000     2000        4         5

        CLASS   EEDATA         

        CLASS   STACK          



SEGMENTS        Name                           Load    Length   Top    Selector   Space  Class     Delta

                reset_vec                      000000  000003  000003         0       0  CODE        2
                strings                        000003  0000AB  0000AE         6       0  STRING      2
                bssBANK0                       000020  000039  000059        20       1  BANK0       1
                cstackCOMMON                   000070  00000E  00007E        70       1  COMMON      1
                dataBANK1                      0000A0  00004D  0000ED        A0       1  BANK1       1
                text1                          0000B1  00001B  0000CC       162       0  CODE        2
                idataBANK1                     0000CC  00004D  000119       198       0  CODE        2
                maintext                       000119  000051  00016A       232       0  CODE        2
                text3                          00016A  00005E  0001C8       2D4       0  CODE        2
                text6                          0001C8  00025B  000423       390       0  CODE        2
                text5                          000423  0003C3  0007E6       846       0  CODE        2
                cinit                          0007E6  00001A  000800       FCC       0  CODE        2
                clrtext                        000CEE  000008  000CF6      19DC       0  CODE        2
                text23                         000CF6  00000A  000D00      19EC       0  CODE        2
                text22                         000D00  00000A  000D0A      1A00       0  CODE        2
                text21                         000D0A  00000A  000D14      1A14       0  CODE        2
                text25                         000D14  00000B  000D1F      1A28       0  CODE        2
                text24                         000D1F  00000B  000D2A      1A3E       0  CODE        2
                text4                          000D2A  00000D  000D37      1A54       0  CODE        2
                text20                         000D37  00000E  000D45      1A6E       0  CODE        2
                text7                          000D45  000012  000D57      1A8A       0  CODE        2
                inittext                       000D57  000013  000D6A      1AAE       0  CODE        2
                text11                         000D6A  000015  000D7F      1AD4       0  CODE        2
                text26                         000D7F  000018  000D97      1AFE       0  CODE        2
                text15                         000D97  00001A  000DB1      1B2E       0  CODE        2
                text2                          000DB1  00001F  000DD0      1B62       0  CODE        2
                text16                         000DD0  000022  000DF2      1BA0       0  CODE        2
                text8                          000DF2  000025  000E17      1BE4       0  CODE        2
                text19                         000E17  00002F  000E46      1C2E       0  CODE        2
                text13                         000E46  000035  000E7B      1C8C       0  CODE        2
                text17                         000E7B  000037  000EB2      1CF6       0  CODE        2
                text9                          000EB2  00003A  000EEC      1D64       0  CODE        2
                text12                         000EEC  000042  000F2E      1DD8       0  CODE        2
                text10                         000F2E  000044  000F72      1E5C       0  CODE        2
                text14                         000F72  000046  000FB8      1EE4       0  CODE        2
                text18                         000FB8  000048  001000      1F70       0  CODE        2


UNUSED ADDRESS RANGES

        Name                Unused          Largest block    Delta
        BANK0            0059-006F             17           1
        BANK1            00ED-00EF              3           1
        BANK2            0110-016F             60           1
        BANK3            0190-01EF             60           1
        CODE             00AE-00B0              3           2
                         0800-0CED            4EE
                         1000-1FFF            800
        CONST            00AE-00B0              3           2
                         0800-0CED            100
                         1000-1FFF            100
        EEDATA           2100-21FF            100           2
        ENTRY            00AE-00B0              3           2
                         0800-0CED            100
                         1000-1FFF            100
        RAM              0059-006F             17           1
                         00ED-00EF              3
                         0110-016F             60
                         0190-01EF             60
        SFR0             0000-001F             20           1
        SFR1             0080-009F             20           1
        SFR2             0100-010F             10           1
        SFR3             0180-018F             10           1
        STRCODE          00AE-00B0              3           2
                         0800-0CED            4EE
                         1000-1FFF           1000
        STRING           00AE-00B0              3           2
                         0800-0CED            100
                         1000-1FFF            100

                                  Symbol Table

?___lwdiv                 cstackCOMMON 0070
?___lwmod                 cstackCOMMON 0078
?___wmul                  cstackCOMMON 0070
?_sprintf                 cstackBANK0  003D
DS3231_Bcd_Bin@bcd_value  cstackCOMMON 0072
DS3231_Bcd_Bin@temp       cstackCOMMON 0073
DS3231_Get_Date@day       cstackCOMMON 0074
DS3231_Get_Date@dow       cstackCOMMON 007A
DS3231_Get_Date@mth       cstackCOMMON 0076
DS3231_Get_Date@year      cstackCOMMON 0078
DS3231_Get_Time@hr        cstackCOMMON 0074
DS3231_Get_Time@min       cstackCOMMON 0076
DS3231_Get_Time@sec       cstackCOMMON 0078
DS3231_Read@data          cstackCOMMON 0072
DS3231_Read@reg           cstackCOMMON 0071
I2C_Init_Master@sp_i2c    cstackCOMMON 0070
I2C_Write@data            cstackCOMMON 0070
Lcd_Cmd@a                 cstackCOMMON 0073
Lcd_Port@a                cstackCOMMON 0070
Lcd_Set_Cursor@a          cstackCOMMON 0076
Lcd_Set_Cursor@b          cstackCOMMON 0074
Lcd_Set_Cursor@temp       cstackCOMMON 0079
Lcd_Set_Cursor@y          cstackCOMMON 0078
Lcd_Set_Cursor@z          cstackCOMMON 0077
Lcd_Write_Char@a          cstackCOMMON 0074
Lcd_Write_Char@temp       cstackCOMMON 0072
Lcd_Write_Char@y          cstackCOMMON 0073
Lcd_Write_String@a        cstackCOMMON 0075
Lcd_Write_String@i        cstackCOMMON 007A
_ANSELH                   (abs)        0189
_CLK_CONFIG               text5        0423
_DS3231_Bcd_Bin           text26       0D7F
_DS3231_Get_Date          text18       0FB8
_DS3231_Get_Time          text17       0E7B
_DS3231_Read              text19       0E17
_I2C_Init_Master          text2        0DB1
_I2C_Nack                 text25       0D14
_I2C_Read                 text24       0D1F
_I2C_Restart              text23       0CF6
_I2C_Start                text22       0D00
_I2C_Stop                 text21       0D0A
_I2C_Write                text20       0D37
_Lcd_Clear                text4        0D2A
_Lcd_Cmd                  text15       0D97
_Lcd_Init                 text3        016A
_Lcd_Port                 text16       0DD0
_Lcd_Set_Cursor           text14       0F72
_Lcd_Write_Char           text13       0E46
_Lcd_Write_String         text12       0EEC
_OSCCONbits               (abs)        008F
_PIR1bits                 (abs)        000C
_PORTA                    (abs)        0005
_PORTAbits                (abs)        0005
_PORTB                    (abs)        0006
_PORTBbits                (abs)        0006
_PORTD                    (abs)        0008
_PORTDbits                (abs)        0008
_SSPADD                   (abs)        0093
_SSPBUF                   (abs)        0013
_SSPCON                   (abs)        0014
_SSPCON2                  (abs)        0091
_SSPCON2bits              (abs)        0091
_SSPSTAT                  (abs)        0094
_TRISA                    (abs)        0085
_TRISB                    (abs)        0086
_TRISCbits                (abs)        0087
_TRISD                    (abs)        0088
__Habs1                   abs1         0000
__Hbank0                  bank0        0000
__Hbank1                  bank1        0000
__Hbank2                  bank2        0000
__Hbank3                  bank3        0000
__HbssBANK0               bssBANK0     0000
__Hcinit                  cinit        0800
__Hclrtext                clrtext      0000
__Hcode                   code         0000
__Hcommon                 common       0000
__Hconfig                 config       2009
__HcstackBANK0            cstackBANK0  0000
__HcstackCOMMON           cstackCOMMON 0000
__HdataBANK1              dataBANK1    0000
__Heeprom_data            eeprom_data  0000
__Hend_init               end_init     0003
__Hfunctab                functab      0000
__HidataBANK1             idataBANK1   0000
__Hidloc                  idloc        2004
__Hinit                   init         0000
__Hinittext               inittext     0000
__Hintentry               intentry     0000
__Hmaintext               maintext     0000
__Hpowerup                powerup      0000
__Hram                    ram          0000
__Hreset_vec              reset_vec    0000
__Hsfr0                   sfr0         0000
__Hsfr1                   sfr1         0000
__Hsfr2                   sfr2         0000
__Hsfr3                   sfr3         0000
__Hspace_0                (abs)        1000
__Hspace_1                (abs)        00ED
__Hspace_2                (abs)        0000
__Hspace_3                (abs)        0000
__Hspace_4                (abs)        4010
__Hstack                  stack        0000
__Hstrings                strings      0000
__Htext                   text         0000
__Labs1                   abs1         0000
__Lbank0                  bank0        0000
__Lbank1                  bank1        0000
__Lbank2                  bank2        0000
__Lbank3                  bank3        0000
__LbssBANK0               bssBANK0     0000
__Lcinit                  cinit        07E6
__Lclrtext                clrtext      0000
__Lcode                   code         0000
__Lcommon                 common       0000
__Lconfig                 config       0000
__LcstackBANK0            cstackBANK0  0000
__LcstackCOMMON           cstackCOMMON 0000
__LdataBANK1              dataBANK1    0000
__Leeprom_data            eeprom_data  0000
__Lend_init               end_init     0000
__Lfunctab                functab      0000
__LidataBANK1             idataBANK1   0000
__Lidloc                  idloc        0000
__Linit                   init         0000
__Linittext               inittext     0000
__Lintentry               intentry     0000
__Lmaintext               maintext     0000
__Lpowerup                powerup      0000
__Lram                    ram          0000
__Lreset_vec              reset_vec    0000
__Lsfr0                   sfr0         0000
__Lsfr1                   sfr1         0000
__Lsfr2                   sfr2         0000
__Lsfr3                   sfr3         0000
__Lspace_0                (abs)        0000
__Lspace_1                (abs)        0000
__Lspace_2                (abs)        0000
__Lspace_3                (abs)        0000
__Lspace_4                (abs)        0000
__Lstack                  stack        0000
__Lstrings                strings      0000
__Ltext                   text         0000
__S0                      (abs)        1000
__S1                      (abs)        00ED
__S3                      (abs)        0000
___bmul                   text11       0D6A
___bmul@multiplicand      cstackCOMMON 0070
___bmul@multiplier        cstackCOMMON 0073
___bmul@product           cstackCOMMON 0072
___int_sp                 stack        0000
___latbits                (abs)        0002
___lwdiv                  text10       0F2E
___lwdiv@counter          cstackCOMMON 0077
___lwdiv@dividend         cstackCOMMON 0072
___lwdiv@divisor          cstackCOMMON 0070
___lwdiv@quotient         cstackCOMMON 0075
___lwmod                  text9        0EB2
___lwmod@counter          cstackCOMMON 007D
___lwmod@dividend         cstackCOMMON 007A
___lwmod@divisor          cstackCOMMON 0078
___sp                     stack        0000
___stackhi                (abs)        0000
___stacklo                (abs)        0000
___wmul                   text8        0DF2
___wmul@multiplicand      cstackCOMMON 0072
___wmul@multiplier        cstackCOMMON 0070
___wmul@product           cstackCOMMON 0074
__end_of_CLK_CONFIG       text5        07E6
__end_of_DS3231_Bcd_Bin   text26       0D97
__end_of_DS3231_Get_Date  text18       1000
__end_of_DS3231_Get_Time  text17       0EB2
__end_of_DS3231_Read      text19       0E46
__end_of_I2C_Init_Master  text2        0DD0
__end_of_I2C_Nack         text25       0D1F
__end_of_I2C_Read         text24       0D2A
__end_of_I2C_Restart      text23       0D00
__end_of_I2C_Start        text22       0D0A
__end_of_I2C_Stop         text21       0D14
__end_of_I2C_Write        text20       0D45
__end_of_Lcd_Clear        text4        0D37
__end_of_Lcd_Cmd          text15       0DB1
__end_of_Lcd_Init         text3        01C8
__end_of_Lcd_Port         text16       0DF2
__end_of_Lcd_Set_Cursor   text14       0FB8
__end_of_Lcd_Write_Char   text13       0E7B
__end_of_Lcd_Write_String text12       0F2E
__end_of___bmul           text11       0D7F
__end_of___lwdiv          text10       0F72
__end_of___lwmod          text9        0EEC
__end_of___wmul           text8        0E17
__end_of__initialization  cinit        07FC
__end_of__stringtab       strings      0013
__end_of_dpowers          strings      001D
__end_of_isdigit          text7        0D57
__end_of_main             maintext     016A
__end_of_setup            text1        00CC
__end_of_sprintf          text6        0423
__initialization          cinit        07E6
__pbssBANK0               bssBANK0     0020
__pcstackBANK0            cstackBANK0  003D
__pcstackCOMMON           cstackCOMMON 0070
__pdataBANK1              dataBANK1    00A0
__pidataBANK1             idataBANK1   00CC
__pmaintext               maintext     0119
__pstrings                strings      0003
__ptext1                  text1        00B1
__ptext10                 text10       0F2E
__ptext11                 text11       0D6A
__ptext12                 text12       0EEC
__ptext13                 text13       0E46
__ptext14                 text14       0F72
__ptext15                 text15       0D97
__ptext16                 text16       0DD0
__ptext17                 text17       0E7B
__ptext18                 text18       0FB8
__ptext19                 text19       0E17
__ptext2                  text2        0DB1
__ptext20                 text20       0D37
__ptext21                 text21       0D0A
__ptext22                 text22       0D00
__ptext23                 text23       0CF6
__ptext24                 text24       0D1F
__ptext25                 text25       0D14
__ptext26                 text26       0D7F
__ptext3                  text3        016A
__ptext4                  text4        0D2A
__ptext5                  text5        0423
__ptext6                  text6        01C8
__ptext7                  text7        0D45
__ptext8                  text8        0DF2
__ptext9                  text9        0EB2
__stringbase              strings      0012
__stringtab               strings      0003
_ano                      bssBANK0     0024
_buffer                   bssBANK0     0029
_dia                      bssBANK0     0026
_dow                      bssBANK0     0023
_dpowers                  strings      0013
_dw                       dataBANK1    00A0
_horas                    bssBANK0     0022
_isdigit                  text7        0D45
_isdigit$922              cstackCOMMON 0070
_main                     maintext     0119
_mes                      bssBANK0     0025
_minutos                  bssBANK0     0021
_segundos                 bssBANK0     0020
_selector                 bssBANK0     0027
_setup                    text1        00B1
_sprintf                  text6        01C8
_valor_ADC                bssBANK0     0028
btemp                     (abs)        007E
clear_ram0                clrtext      0CEE
end_of_initialization     cinit        07FC
init_fetch0               inittext     0D57
init_ram0                 inittext     0D5B
intlevel0                 functab      0000
intlevel1                 functab      0000
intlevel2                 functab      0000
intlevel3                 functab      0000
intlevel4                 functab      0000
intlevel5                 functab      0000
isdigit@c                 cstackCOMMON 0071
reset_vec                 reset_vec    0000
sprintf@ap                cstackBANK0  004A
sprintf@c                 cstackBANK0  0050
sprintf@cp                cstackBANK0  0048
sprintf@f                 cstackBANK0  003D
sprintf@flag              cstackBANK0  004F
sprintf@len               cstackBANK0  004B
sprintf@prec              cstackBANK0  0047
sprintf@sp                cstackBANK0  0053
sprintf@val               cstackBANK0  004D
sprintf@width             cstackBANK0  0051
start                     init         0000
start_initialization      cinit        07E6
wtemp0                    (abs)        007E


MODULE INFORMATION

Module		Function		Class		Link	Load	Size
C:\Program Files\Microchip\xc8\v2.40\pic\sources\c90\common\Umul8.c
		___bmul        		CODE           	0D6A	0000	21

C:\Program Files\Microchip\xc8\v2.40\pic\sources\c90\common\Umul8.c estimated size: 21

maestro.c
		_CLK_CONFIG    		CODE           	0423	0000	963
		_main          		CODE           	0119	0000	81
		_setup         		CODE           	00B1	0000	27

maestro.c estimated size: 1071

i2c.c
		_I2C_Init_Master		CODE           	0DB1	0000	31
		_I2C_Write     		CODE           	0D37	0000	14
		_I2C_Stop      		CODE           	0D0A	0000	10
		_I2C_Read      		CODE           	0D1F	0000	11
		_I2C_Nack      		CODE           	0D14	0000	11
		_I2C_Start     		CODE           	0D00	0000	10
		_I2C_Restart   		CODE           	0CF6	0000	10

i2c.c estimated size: 97

C:\Program Files\Microchip\xc8\v2.40\pic\sources\c90\common\doprnt.c
		_sprintf       		CODE           	01C8	0000	603

C:\Program Files\Microchip\xc8\v2.40\pic\sources\c90\common\doprnt.c estimated size: 603

ds3231.c
		_DS3231_Read   		CODE           	0E17	0000	47
		_DS3231_Bcd_Bin		CODE           	0D7F	0000	24
		_DS3231_Get_Date		CODE           	0FB8	0000	72
		_DS3231_Get_Time		CODE           	0E7B	0000	55

ds3231.c estimated size: 198

C:\Program Files\Microchip\xc8\v2.40\pic\sources\c90\common\Umul16.c
		___wmul        		CODE           	0DF2	0000	37

C:\Program Files\Microchip\xc8\v2.40\pic\sources\c90\common\Umul16.c estimated size: 37

C:\Program Files\Microchip\xc8\v2.40\pic\sources\c90\common\lwmod.c
		___lwmod       		CODE           	0EB2	0000	58

C:\Program Files\Microchip\xc8\v2.40\pic\sources\c90\common\lwmod.c estimated size: 58

shared
		__stringtab    		STRING         	0003	0000	16
		_dpowers       		STRING         	0013	0000	10
		__initialization		CODE           	07E6	0000	22

shared estimated size: 48

C:\Program Files\Microchip\xc8\v2.40\pic\sources\c90\common\isdigit.c
		_isdigit       		CODE           	0D45	0000	18

C:\Program Files\Microchip\xc8\v2.40\pic\sources\c90\common\isdigit.c estimated size: 18

C:\Program Files\Microchip\xc8\v2.40\pic\sources\c90\common\lwdiv.c
		___lwdiv       		CODE           	0F2E	0000	68

C:\Program Files\Microchip\xc8\v2.40\pic\sources\c90\common\lwdiv.c estimated size: 68

LCD.c
		_Lcd_Write_String		CODE           	0EEC	0000	66
		_Lcd_Init      		CODE           	016A	0000	94
		_Lcd_Write_Char		CODE           	0E46	0000	53
		_Lcd_Cmd       		CODE           	0D97	0000	26
		_Lcd_Set_Cursor		CODE           	0F72	0000	70
		_Lcd_Clear     		CODE           	0D2A	0000	13
		_Lcd_Port      		CODE           	0DD0	0000	34

LCD.c estimated size: 356

